Time resolution is 1 ps
start=0 data=10010 stop=1
PASSED START: 0
PASSED DATA: 10010 == 10010
PASSED STOP: 1
start=0 data=10010 stop=1
PASSED START: 0
PASSED DATA: 10010 == 10010
PASSED STOP: 1
start=0 data=10010 stop=1
PASSED START: 0
PASSED DATA: 10010 == 10010
PASSED STOP: 1
start=0 data=101 stop=1
PASSED START: 0
PASSED DATA: 101 == 101
PASSED STOP: 1
start=0 data=101 stop=1
PASSED START: 0
PASSED DATA: 101 == 101
PASSED STOP: 1
start=0 data=101 stop=1
PASSED START: 0
PASSED DATA: 101 == 101
PASSED STOP: 1
start=0 data=11001000 stop=1
PASSED START: 0
PASSED DATA: 11001000 == 11001000
PASSED STOP: 1
start=0 data=11001000 stop=1
PASSED START: 0
PASSED DATA: 11001000 == 11001000
PASSED STOP: 1
start=0 data=11001000 stop=1
PASSED START: 0
PASSED DATA: 11001000 == 11001000
PASSED STOP: 1
start=0 data=1101 stop=1
PASSED START: 0
PASSED DATA: 1101 == 1101
PASSED STOP: 1
start=0 data=1101 stop=1
PASSED START: 0
PASSED DATA: 1101 == 1101
PASSED STOP: 1
start=0 data=1101 stop=1
PASSED START: 0
PASSED DATA: 1101 == 1101
PASSED STOP: 1
start=0 data=10000000 stop=1
PASSED START: 0
PASSED DATA: 10000000 == 10000000
PASSED STOP: 1
start=0 data=10000000 stop=1
PASSED START: 0
PASSED DATA: 10000000 == 10000000
PASSED STOP: 1
start=0 data=10000000 stop=1
PASSED START: 0
PASSED DATA: 10000000 == 10000000
PASSED STOP: 1
start=0 data=110011 stop=1
PASSED START: 0
PASSED DATA: 110011 == 110011
PASSED STOP: 1
start=0 data=110011 stop=1
PASSED START: 0
PASSED DATA: 110011 == 110011
PASSED STOP: 1
start=0 data=110011 stop=1
PASSED START: 0
PASSED DATA: 110011 == 110011
PASSED STOP: 1
start=0 data=1011101 stop=1
PASSED START: 0
PASSED DATA: 1011101 == 1011101
PASSED STOP: 1
start=0 data=1011101 stop=1
PASSED START: 0
PASSED DATA: 1011101 == 1011101
PASSED STOP: 1
start=0 data=1011101 stop=1
PASSED START: 0
PASSED DATA: 1011101 == 1011101
PASSED STOP: 1
start=0 data=1111000 stop=1
PASSED START: 0
PASSED DATA: 1111000 == 1111000
PASSED STOP: 1
start=0 data=1111000 stop=1
PASSED START: 0
PASSED DATA: 1111000 == 1111000
PASSED STOP: 1
start=0 data=1111000 stop=1
PASSED START: 0
PASSED DATA: 1111000 == 1111000
PASSED STOP: 1
start=0 data=10001111 stop=1
PASSED START: 0
PASSED DATA: 10001111 == 10001111
PASSED STOP: 1
start=0 data=10001111 stop=1
PASSED START: 0
PASSED DATA: 10001111 == 10001111
PASSED STOP: 1
start=0 data=10001111 stop=1
PASSED START: 0
PASSED DATA: 10001111 == 10001111
PASSED STOP: 1
start=0 data=11010111 stop=1
PASSED START: 0
PASSED DATA: 11010111 == 11010111
PASSED STOP: 1
start=0 data=11010111 stop=1
PASSED START: 0
PASSED DATA: 11010111 == 11010111
PASSED STOP: 1
start=0 data=11010111 stop=1
PASSED START: 0
PASSED DATA: 11010111 == 11010111
PASSED STOP: 1
$finish called at time : 150 us : File "D:/DFTFILES/Uart_Project_with_code/Uart_Project/uart/UART_TRANSMITTER/sv_tb/uart_top.sv" Line 49
