Vivado Simulator v2023.1
Copyright 1986-2022 Xilinx, Inc. All Rights Reserved.
Copyright 2022-2023 Advanced Micro Devices, Inc. All Rights Reserved.
Running: D:/vivado/Vivado/2023.1/bin/unwrapped/win64.o/xelab.exe --incr --debug typical --relax --mt 2 -L xil_defaultlib -L uvm -L unisims_ver -L unimacro_ver -L secureip --snapshot top_behav xil_defaultlib.top xil_defaultlib.glbl -log elaborate.log 
Using 2 slave threads.
Starting static elaboration
Pass Through NonSizing Optimizer
Completed static elaboration
Starting simulation data flow analysis
Completed simulation data flow analysis
Time Resolution for simulation is 1ps
Compiling package xil_defaultlib.$unit_list_sv_2990527908
Compiling package std.std
Compiling module xil_defaultlib.bfm_cb
Compiling module xil_defaultlib.mon_cb
Compiling module xil_defaultlib.uart_intf
Compiling module xil_defaultlib.data_sampling
Compiling module xil_defaultlib.deserializer
Compiling module xil_defaultlib.edge_bit_counter
Compiling module xil_defaultlib.rx_fsm
Compiling module xil_defaultlib.start_check
Compiling module xil_defaultlib.parity_check
Compiling module xil_defaultlib.stop_check
Compiling module xil_defaultlib.uart_rx
Compiling module xil_defaultlib.top
Compiling module xil_defaultlib.glbl
Built simulation snapshot top_behav
